cr95hf.c:43:6:uart_init	8	static
cr95hf.c:48:5:_write	24	static
cr95hf.c:54:13:cr95write	16	static
cr95hf.c:59:16:cr95read	32	static
cr95hf.c:89:13:cr95_wakeup	16	static
cr95hf.c:96:13:cr95_idle	40	static
cr95hf.c:110:13:cr95_init14	32	static
cr95hf.c:125:13:cr95_init15	24	static
cr95hf.c:136:13:cr95_read	144	static
cr95hf.c:237:13:cr95_read15	56	static
cr95hf.c:269:13:cr95_calibrate	56	static
cr95hf.c:313:13:uart_process_command	96	static
cr95hf.c:468:13:uart_byte_available	16	static
cr95hf.c:481:6:manual_operation	40	static
cr95hf.c:502:6:automatic_operation	8	static
