main.c:87:5:_write	24	static
main.c:93:6:cr95write	16	static
main.c:98:9:cr95read	32	static
main.c:129:13:cr95_init14	32	static
main.c:143:13:cr95_init14B	32	static
main.c:157:13:cr95_init15	32	static
main.c:171:13:cr95_init18	32	static
main.c:186:13:cr95_wakeup	16	static
main.c:194:13:cr95_read	112	static
main.c:267:13:cr95_calibrate	56	static
main.c:311:13:cr95_idle	40	static
main.c:324:13:uart_process_command	72	static
main.c:416:13:uart_byte_available	16	static
main.c:436:5:main	40	static
main.c:528:6:SystemClock_Config	96	static
main.c:572:13:MX_USART1_UART_Init	8	static
main.c:607:13:MX_USART2_UART_Init	8	static
main.c:640:13:MX_DMA_Init	16	static
main.c:661:13:MX_GPIO_Init	48	static
main.c:706:6:Error_Handler	8	static
