main.c:87:5:_write	24	static
main.c:93:6:cr95write	16	static
main.c:98:9:cr95read	32	static
main.c:128:13:cr95_wakeup	16	static
main.c:135:13:cr95_init14	32	static
main.c:149:13:cr95_init14B	32	static
main.c:163:13:cr95_init15	32	static
main.c:177:13:cr95_init18	40	static
main.c:196:13:cr95_read	112	static
main.c:268:13:cr95_readtopaz	112	static
main.c:297:13:cr95_read14B	48	static
main.c:312:13:cr95_read18	48	static
main.c:327:13:cr95_calibrate	56	static
main.c:371:13:cr95_idle	40	static
main.c:384:13:uart_process_command	72	static
main.c:485:13:uart_byte_available	16	static
main.c:505:5:main	40	static
main.c:597:6:SystemClock_Config	96	static
main.c:641:13:MX_USART1_UART_Init	8	static
main.c:676:13:MX_USART2_UART_Init	8	static
main.c:709:13:MX_DMA_Init	16	static
main.c:730:13:MX_GPIO_Init	48	static
main.c:775:6:Error_Handler	8	static
